# vsim -c -voptargs="+acc" -l ./output/EF_WDT32_WB/logs/EF_WDT32_WB.log work.tb_EF_WDT32_WB 
# Start time: 02:42:58 on Feb 20,2026
# ** Note: (vsim-3812) Design is being optimized...
# //  Questa Sim-64
# //  Version 2021.2_1 linux_x86_64 May 15 2021
# //
# //  Copyright 1991-2021 Mentor Graphics Corporation
# //  All Rights Reserved.
# //
# //  QuestaSim and its associated documentation contain trade
# //  secrets and commercial or financial information that are the property of
# //  Mentor Graphics Corporation and are privileged, confidential,
# //  and exempt from disclosure under the Freedom of Information Act,
# //  5 U.S.C. Section 552. Furthermore, this information
# //  is prohibited from disclosure under the Trade Secrets Act,
# //  18 U.S.C. Section 1905.
# //
# Loading sv_std.std
# Loading work.tb_EF_WDT32_WB(fast)
# Loading work.EF_WDT32_WB(fast)
# Loading work.ef_util_gating_cell(fast)
# Loading work.EF_WDT32(fast)
# Right reset value
# -----Test 1: Check offset of WDT & Enable & Is Running------
# [GCLK] OK
# [WB WRITE] addr=20010004 data=bacaffff 
# [RELOAD] OK
# [WB WRITE] addr=20010008 data=deadbeef 
# [ENABLE] OK
# [WB READ] addr=20010000 data=bacafff7
# [TIMER] OK AND IS RUNNING 0Xbacafff7
# Reseting...
# Right reset value
# 
# ----- Test 2: Check Interrupt Registers (IM, RIS, MIS, IC) -----
# [GCLK] OFFSET OK
# [IM] Enable IM
# [WB WRITE] addr=2001000c data=00000001 
# [IM] OFFSET OK
# Setting to TO, EN = 1, REALOAD = 0x0000_0005
# [WB WRITE] addr=20010004 data=00000005 
# [WB WRITE] addr=20010008 data=00000001 
# Waiting for WDT Timeout...
# [RIS] Triggered: OK
# [WB READ] addr=20010010 data=00000001
# [MIS & IRQ] Active: OK
# [WB WRITE] addr=20010018 data=00000001 
# [WB READ] addr=20010014 data=00000000
# [IC & RIS] Clear SUCCESS: OK
# Reseting...
# Right reset value
# 
# ----- Test 3: Check other applications (IM off, GCLK off) -----
# [WB WRITE] addr=2001001c data=00000000 
# [GCLK] NOT RUNNING
# [WB WRITE] addr=20010004 data=cafebabe 
# [RELOAD] OK
# [WB WRITE] addr=20010008 data=deadbeef 
# [ENABLE] OK
# [WB READ] addr=20010000 data=00000000
# [WB READ] addr=20010000 data=00000000
# [TIMER] WDT is not running real Value 0x00000000 | Input value: 0xcafebabe
# [GCLK] This test passed, GLCK = 0, WDT not running
# Reseting...
# Right reset value
# Still on test 3...
# [GCLK] NOW CLOCK IS RUNNING
# [IM] Disable IM
# [WB WRITE] addr=2001000c data=00000000 
# [IM] OFF
# Setting to TO, EN = 1, REALOAD = 0x0000_0005
# [WB WRITE] addr=20010004 data=00000005 
# [WB WRITE] addr=20010008 data=00000001 
# Waiting for WDT Timeout...
# [RIS] Triggered: OK
# [RIS] Triggered
# [WB READ] addr=20010010 data=00000000
# [MIS & IRQ] NOT ACTIVATE: OK
# Reseting...
# Right reset value
# Reseting...
# Right reset value
# 
# --- Checking Read-Only Registers ---
# [WB READ] addr=20010000 data=00000000
# [TIMER_REG] Original value: 00000000
# [TIMER_REG] Attempting to write junk data: aaaa5555
# [WB WRITE] addr=20010000 data=aaaa5555 
# [WB READ] addr=20010000 data=00000000
# [PASS] TIMER_REG is Read-Only. Value remained: 00000000
# [WB READ] addr=20010014 data=00000000
# [RIS_REG] Original value: 00000000
# [RIS_REG] Attempting to write junk data: aaaa5555
# [WB WRITE] addr=20010014 data=aaaa5555 
# [WB READ] addr=20010014 data=00000000
# [PASS] RIS_REG is Read-Only. Value remained: 00000000
# [WB READ] addr=20010010 data=00000000
# [MIS_REG] Original value: 00000000
# [MIS_REG] Attempting to write junk data: aaaa5555
# [WB WRITE] addr=20010010 data=aaaa5555 
# [WB READ] addr=20010010 data=00000000
# [PASS] MIS_REG is Read-Only. Value remained: 00000000
# 
# 
# -------[ALL] OK----------
# ** Note: $finish    : ../tb/wb_wdt/EF_WDT32_WB/tb_EF_WDT32_WB.sv(403)
#    Time: 2155 ns  Iteration: 0  Instance: /tb_EF_WDT32_WB
# End time: 02:42:59 on Feb 20,2026, Elapsed time: 0:00:01
# Errors: 0, Warnings: 0
