# vsim -c -voptargs="+acc" -l ./output/EF_WDT32_WB/logs/EF_WDT32_WB.log work.tb_EF_WDT32_WB 
# Start time: 03:44:01 on Feb 20,2026
# ** Note: (vsim-3812) Design is being optimized...
# //  Questa Sim-64
# //  Version 2021.2_1 linux_x86_64 May 15 2021
# //
# //  Copyright 1991-2021 Mentor Graphics Corporation
# //  All Rights Reserved.
# //
# //  QuestaSim and its associated documentation contain trade
# //  secrets and commercial or financial information that are the property of
# //  Mentor Graphics Corporation and are privileged, confidential,
# //  and exempt from disclosure under the Freedom of Information Act,
# //  5 U.S.C. Section 552. Furthermore, this information
# //  is prohibited from disclosure under the Trade Secrets Act,
# //  18 U.S.C. Section 1905.
# //
# Loading sv_std.std
# Loading work.tb_EF_WDT32_WB(fast)
# Loading work.EF_WDT32_WB(fast)
# Loading work.ef_util_gating_cell(fast)
# Loading work.EF_WDT32(fast)
# Right reset value
# -----Test 1: Check offset of WDT & Enable & Is Running------
# [GCLK] OK
# [WB WRITE] addr=20010004 data=bacaffff 
# [RELOAD] OK
# [WB WRITE] addr=20010008 data=deadbeef 
# [ENABLE] OK
# [WB READ] addr=20010000 data=bacafff7
# [TIMER] OK AND IS RUNNING 0Xbacafff7
# Reseting...
# Right reset value
# 
# ----- Test 2: Check Interrupt Registers (IM, RIS, MIS, IC) -----
# [GCLK] OFFSET OK
# [IM] Enable IM
# [WB WRITE] addr=2001000c data=00000001 
# [IM] OFFSET OK
# Setting to TO, EN = 1, REALOAD = 0x0000_0005
# [WB WRITE] addr=20010004 data=00000005 
# [WB WRITE] addr=20010008 data=00000001 
# Waiting for WDT Timeout...
# [RIS] Triggered: OK
# [WB READ] addr=20010010 data=00000001
# [MIS & IRQ] Active: OK
# [WB WRITE] addr=20010018 data=00000001 
# [WB READ] addr=20010014 data=00000000
# [IC & RIS] Clear SUCCESS: OK
# Reseting...
# Right reset value
# 
# ----- Test 3: Check other applications (IM off, GCLK off) -----
# [WB WRITE] addr=2001001c data=00000000 
# [GCLK] NOT RUNNING
# [WB WRITE] addr=20010004 data=cafebabe 
# [RELOAD] OK
# [WB WRITE] addr=20010008 data=deadbeef 
# [ENABLE] OK
# [WB READ] addr=20010000 data=00000000
# [WB READ] addr=20010000 data=00000000
# [TIMER] WDT is not running real Value 0x00000000 | Input value: 0xcafebabe
# [GCLK] This test passed, GLCK = 0, WDT not running
# Reseting...
# Right reset value
# Still on test 3...
# [GCLK] NOW CLOCK IS RUNNING
# [IM] Disable IM
# [WB WRITE] addr=2001000c data=00000000 
# [IM] OFF
# Setting to TO, EN = 1, REALOAD = 0x0000_0005
# [WB WRITE] addr=20010004 data=00000005 
# [WB WRITE] addr=20010008 data=00000001 
# Waiting for WDT Timeout...
# [RIS] Triggered: OK
# [RIS] Triggered
# [WB READ] addr=20010010 data=00000000
# [MIS & IRQ] NOT ACTIVATE: OK
# Reseting...
# Right reset value
# Reseting...
# Right reset value
# 
# --- Test 4: Checking Read-Only Registers ---
# [WB READ] addr=20010000 data=00000000
# [TIMER_REG] Original value: 00000000
# [TIMER_REG] Attempting to write junk data: aaaa5555
# [WB WRITE] addr=20010000 data=aaaa5555 
# [WB READ] addr=20010000 data=00000000
# [PASS] TIMER_REG is Read-Only. Value remained: 00000000
# [WB READ] addr=20010014 data=00000000
# [RIS_REG] Original value: 00000000
# [RIS_REG] Attempting to write junk data: aaaa5555
# [WB WRITE] addr=20010014 data=aaaa5555 
# [WB READ] addr=20010014 data=00000000
# [PASS] RIS_REG is Read-Only. Value remained: 00000000
# [WB READ] addr=20010010 data=00000000
# [MIS_REG] Original value: 00000000
# [MIS_REG] Attempting to write junk data: aaaa5555
# [WB WRITE] addr=20010010 data=aaaa5555 
# [WB READ] addr=20010010 data=00000000
# [PASS] MIS_REG is Read-Only. Value remained: 00000000
# Reseting...
# Right reset value
# 
# --- Test 5: Address Decoding ---
# Sorry but we don't test this offset 0x00000000
# [WB WRITE] addr=20010001 data=aaaa5555 
# [WB READ] addr=20010001 data=deadbeef
# [Mooh] TEST PASSED BUT YOU GOT A DEAD BEEF!
# [WB WRITE] addr=20010002 data=aaaa5555 
# [WB READ] addr=20010002 data=deadbeef
# [Mooh] TEST PASSED BUT YOU GOT A DEAD BEEF!
# [WB WRITE] addr=20010003 data=aaaa5555 
# [WB READ] addr=20010003 data=deadbeef
# [Mooh] TEST PASSED BUT YOU GOT A DEAD BEEF!
# Sorry but we don't test this offset 0x00000004
# [WB WRITE] addr=20010005 data=aaaa5555 
# [WB READ] addr=20010005 data=deadbeef
# [Mooh] TEST PASSED BUT YOU GOT A DEAD BEEF!
# [WB WRITE] addr=20010006 data=aaaa5555 
# [WB READ] addr=20010006 data=deadbeef
# [Mooh] TEST PASSED BUT YOU GOT A DEAD BEEF!
# [WB WRITE] addr=20010007 data=aaaa5555 
# [WB READ] addr=20010007 data=deadbeef
# [Mooh] TEST PASSED BUT YOU GOT A DEAD BEEF!
# Sorry but we don't test this offset 0x00000008
# [WB WRITE] addr=20010009 data=aaaa5555 
# [WB READ] addr=20010009 data=deadbeef
# [Mooh] TEST PASSED BUT YOU GOT A DEAD BEEF!
# [WB WRITE] addr=2001000a data=aaaa5555 
# [WB READ] addr=2001000a data=deadbeef
# [Mooh] TEST PASSED BUT YOU GOT A DEAD BEEF!
# [WB WRITE] addr=2001000b data=aaaa5555 
# [WB READ] addr=2001000b data=deadbeef
# [Mooh] TEST PASSED BUT YOU GOT A DEAD BEEF!
# Sorry but we don't test this offset 0x0000000c
# [WB WRITE] addr=2001000d data=aaaa5555 
# [WB READ] addr=2001000d data=deadbeef
# [Mooh] TEST PASSED BUT YOU GOT A DEAD BEEF!
# [WB WRITE] addr=2001000e data=aaaa5555 
# [WB READ] addr=2001000e data=deadbeef
# [Mooh] TEST PASSED BUT YOU GOT A DEAD BEEF!
# [WB WRITE] addr=2001000f data=aaaa5555 
# [WB READ] addr=2001000f data=deadbeef
# [Mooh] TEST PASSED BUT YOU GOT A DEAD BEEF!
# Sorry but we don't test this offset 0x00000010
# [WB WRITE] addr=20010011 data=aaaa5555 
# [WB READ] addr=20010011 data=deadbeef
# [Mooh] TEST PASSED BUT YOU GOT A DEAD BEEF!
# [WB WRITE] addr=20010012 data=aaaa5555 
# [WB READ] addr=20010012 data=deadbeef
# [Mooh] TEST PASSED BUT YOU GOT A DEAD BEEF!
# [WB WRITE] addr=20010013 data=aaaa5555 
# [WB READ] addr=20010013 data=deadbeef
# [Mooh] TEST PASSED BUT YOU GOT A DEAD BEEF!
# Sorry but we don't test this offset 0x00000014
# [WB WRITE] addr=20010015 data=aaaa5555 
# [WB READ] addr=20010015 data=deadbeef
# [Mooh] TEST PASSED BUT YOU GOT A DEAD BEEF!
# [WB WRITE] addr=20010016 data=aaaa5555 
# [WB READ] addr=20010016 data=deadbeef
# [Mooh] TEST PASSED BUT YOU GOT A DEAD BEEF!
# [WB WRITE] addr=20010017 data=aaaa5555 
# [WB READ] addr=20010017 data=deadbeef
# [Mooh] TEST PASSED BUT YOU GOT A DEAD BEEF!
# Sorry but we don't test this offset 0x00000018
# [WB WRITE] addr=20010019 data=aaaa5555 
# [WB READ] addr=20010019 data=deadbeef
# [Mooh] TEST PASSED BUT YOU GOT A DEAD BEEF!
# [WB WRITE] addr=2001001a data=aaaa5555 
# [WB READ] addr=2001001a data=deadbeef
# [Mooh] TEST PASSED BUT YOU GOT A DEAD BEEF!
# [WB WRITE] addr=2001001b data=aaaa5555 
# [WB READ] addr=2001001b data=deadbeef
# [Mooh] TEST PASSED BUT YOU GOT A DEAD BEEF!
# Reseting...
# Right reset value
# 
# ----- Test 7: Byte Lane Access (sel_i) -----
# Reseting...
# Right reset value
# [WB READ] addr=20010004 data=ff000000
# [PASS] Byte lane selection works.
# Reseting...
# Right reset value
# 
# ----- Test 8: Zero Load Timeout -----
# Reseting...
# Right reset value
# [WB WRITE] addr=2001000c data=00000001 
# [WB WRITE] addr=20010004 data=00000000 
# [WB WRITE] addr=20010008 data=00000001 
# [PASS] WDT triggers IRQ immediately with Load=0
# Reseting...
# Right reset value
# 
# ----- Test 9: Back-to-back Access -----
# [WB WRITE] addr=20010004 data=12345678 
# [WB WRITE] addr=2001000c data=00000001 
# [WB READ] addr=20010004 data=12345678
# [PASS] Back-to-back transactions successful
# 
# 
# -------[ALL] OK----------
# ** Note: $finish    : ../../tb/wb_wdt/EF_WDT32_WB/tb_EF_WDT32_WB.sv(510)
#    Time: 5125 ns  Iteration: 0  Instance: /tb_EF_WDT32_WB
# End time: 03:44:02 on Feb 20,2026, Elapsed time: 0:00:01
# Errors: 0, Warnings: 0
